// Jest Snapshot v1, https://goo.gl/fbAQLP

exports[`<Loading> Component should match the snapshot 1`] = `
<div
  className="d-flex justify-content-center loading"
>
  <div
    className="spinner-border"
    role="status"
  >
    <span
      className="sr-only"
    >
      Loading...
    </span>
  </div>
</div>
`;
