// Jest Snapshot v1, https://goo.gl/fbAQLP

exports[`<Login> Component should match the snapshot 1`] = `
<ContextProvider
  value={
    Object {
      "store": Object {
        "dispatch": [Function],
        "getState": [Function],
        "replaceReducer": [Function],
        "subscribe": [Function],
        Symbol(observable): [Function],
      },
      "subscription": Subscription {
        "handleChangeWrapper": [Function],
        "listeners": Object {
          "clear": [Function],
          "get": [Function],
          "notify": [Function],
          "subscribe": [Function],
        },
        "onStateChange": [Function],
        "parentSub": undefined,
        "store": Object {
          "dispatch": [Function],
          "getState": [Function],
          "replaceReducer": [Function],
          "subscribe": [Function],
          Symbol(observable): [Function],
        },
        "unsubscribe": [Function],
      },
    }
  }
>
  <Connect(Login)
    getArticles={[MockFunction]}
    items={
      Array [
        Object {
          "slug": "slug",
        },
      ]
    }
  />
</ContextProvider>
`;
